// Jest Snapshot v1, https://jestjs.io/docs/snapshot-testing

exports[`renders discovery header and restaurant search (visual smoke) 1`] = `
<div>
  <main
    class="min-h-screen bg-canvas text-ink"
  >
    <section
      class="border-b border-divider bg-surface-1"
    >
      <div
        class="mx-auto max-w-6xl space-y-6 px-6 py-8 lg:px-10 lg:py-10"
      >
        <div>
          <h1
            class="font-display text-4xl font-semibold tracking-tight text-ink sm:text-5xl"
          >
            Restaurants à Libreville
          </h1>
          <p
            class="mt-4 max-w-3xl text-base leading-8 text-ink-muted"
          >
            Trouve rapidement un restaurant.
          </p>
        </div>
        <div
          class="relative"
        >
          <svg
            aria-hidden="true"
            class="pointer-events-none absolute left-4 top-1/2 h-5 w-5 -translate-y-1/2 text-brand"
            fill="none"
            stroke="currentColor"
            stroke-width="2"
            viewBox="0 0 24 24"
          >
            <circle
              cx="11"
              cy="11"
              r="7"
            />
            <path
              d="M20 20l-3-3"
              stroke-linecap="round"
            />
          </svg>
          <input
            class="input-field border-2 border-brand py-3.5 pl-12 pr-4 w-full"
            placeholder="Chercher un restaurant…"
            type="search"
            value=""
          />
        </div>
      </div>
    </section>
    <section
      class="py-10 lg:py-14"
    >
      <div
        class="mx-auto max-w-6xl px-6 lg:px-10"
      >
        <div
          aria-label="Chargement"
          class="grid gap-6 sm:grid-cols-2 lg:grid-cols-3"
        >
          <div
            class="surface-card overflow-hidden"
          >
            <div
              aria-hidden="true"
              class="animate-pulse rounded-card bg-surface-2 h-44 rounded-none"
            />
            <div
              class="space-y-3 p-5"
            >
              <div
                aria-hidden="true"
                class="animate-pulse rounded-card bg-surface-2 h-5 w-3/4"
              />
              <div
                aria-hidden="true"
                class="animate-pulse rounded-card bg-surface-2 h-4 w-1/2"
              />
              <div
                class="flex items-center justify-between border-t border-divider pt-3"
              >
                <div
                  aria-hidden="true"
                  class="animate-pulse rounded-card bg-surface-2 h-4 w-20"
                />
                <div
                  aria-hidden="true"
                  class="animate-pulse rounded-card bg-surface-2 h-4 w-16"
                />
              </div>
            </div>
          </div>
          <div
            class="surface-card overflow-hidden"
          >
            <div
              aria-hidden="true"
              class="animate-pulse rounded-card bg-surface-2 h-44 rounded-none"
            />
            <div
              class="space-y-3 p-5"
            >
              <div
                aria-hidden="true"
                class="animate-pulse rounded-card bg-surface-2 h-5 w-3/4"
              />
              <div
                aria-hidden="true"
                class="animate-pulse rounded-card bg-surface-2 h-4 w-1/2"
              />
              <div
                class="flex items-center justify-between border-t border-divider pt-3"
              >
                <div
                  aria-hidden="true"
                  class="animate-pulse rounded-card bg-surface-2 h-4 w-20"
                />
                <div
                  aria-hidden="true"
                  class="animate-pulse rounded-card bg-surface-2 h-4 w-16"
                />
              </div>
            </div>
          </div>
          <div
            class="surface-card overflow-hidden"
          >
            <div
              aria-hidden="true"
              class="animate-pulse rounded-card bg-surface-2 h-44 rounded-none"
            />
            <div
              class="space-y-3 p-5"
            >
              <div
                aria-hidden="true"
                class="animate-pulse rounded-card bg-surface-2 h-5 w-3/4"
              />
              <div
                aria-hidden="true"
                class="animate-pulse rounded-card bg-surface-2 h-4 w-1/2"
              />
              <div
                class="flex items-center justify-between border-t border-divider pt-3"
              >
                <div
                  aria-hidden="true"
                  class="animate-pulse rounded-card bg-surface-2 h-4 w-20"
                />
                <div
                  aria-hidden="true"
                  class="animate-pulse rounded-card bg-surface-2 h-4 w-16"
                />
              </div>
            </div>
          </div>
          <div
            class="surface-card overflow-hidden"
          >
            <div
              aria-hidden="true"
              class="animate-pulse rounded-card bg-surface-2 h-44 rounded-none"
            />
            <div
              class="space-y-3 p-5"
            >
              <div
                aria-hidden="true"
                class="animate-pulse rounded-card bg-surface-2 h-5 w-3/4"
              />
              <div
                aria-hidden="true"
                class="animate-pulse rounded-card bg-surface-2 h-4 w-1/2"
              />
              <div
                class="flex items-center justify-between border-t border-divider pt-3"
              >
                <div
                  aria-hidden="true"
                  class="animate-pulse rounded-card bg-surface-2 h-4 w-20"
                />
                <div
                  aria-hidden="true"
                  class="animate-pulse rounded-card bg-surface-2 h-4 w-16"
                />
              </div>
            </div>
          </div>
          <div
            class="surface-card overflow-hidden"
          >
            <div
              aria-hidden="true"
              class="animate-pulse rounded-card bg-surface-2 h-44 rounded-none"
            />
            <div
              class="space-y-3 p-5"
            >
              <div
                aria-hidden="true"
                class="animate-pulse rounded-card bg-surface-2 h-5 w-3/4"
              />
              <div
                aria-hidden="true"
                class="animate-pulse rounded-card bg-surface-2 h-4 w-1/2"
              />
              <div
                class="flex items-center justify-between border-t border-divider pt-3"
              >
                <div
                  aria-hidden="true"
                  class="animate-pulse rounded-card bg-surface-2 h-4 w-20"
                />
                <div
                  aria-hidden="true"
                  class="animate-pulse rounded-card bg-surface-2 h-4 w-16"
                />
              </div>
            </div>
          </div>
          <div
            class="surface-card overflow-hidden"
          >
            <div
              aria-hidden="true"
              class="animate-pulse rounded-card bg-surface-2 h-44 rounded-none"
            />
            <div
              class="space-y-3 p-5"
            >
              <div
                aria-hidden="true"
                class="animate-pulse rounded-card bg-surface-2 h-5 w-3/4"
              />
              <div
                aria-hidden="true"
                class="animate-pulse rounded-card bg-surface-2 h-4 w-1/2"
              />
              <div
                class="flex items-center justify-between border-t border-divider pt-3"
              >
                <div
                  aria-hidden="true"
                  class="animate-pulse rounded-card bg-surface-2 h-4 w-20"
                />
                <div
                  aria-hidden="true"
                  class="animate-pulse rounded-card bg-surface-2 h-4 w-16"
                />
              </div>
            </div>
          </div>
        </div>
      </div>
    </section>
  </main>
</div>
`;
